 test: 4b3781c5fecece9bdc81620cf4ca2c5e371fbc0c
